../Core/Src/main.c:62:6:delay	16	static
../Core/Src/main.c:70:6:stepper_set_rpm	16	static
../Core/Src/main.c:77:6:stepper_drive	16	static
../Core/Src/main.c:133:6:stepper_step_angle	48	static
../Core/Src/main.c:164:5:main	8	static
../Core/Src/main.c:230:6:SystemClock_Config	88	static
../Core/Src/main.c:278:13:MX_TIM2_Init	64	static
../Core/Src/main.c:337:13:MX_USART2_UART_Init	8	static
../Core/Src/main.c:370:13:MX_GPIO_Init	48	static
../Core/Src/main.c:420:6:Error_Handler	4	static,ignoring_inline_asm
